Failed to import warp: No module named 'warp'
Failed to import mujoco_warp: No module named 'warp'
Delay:  0
MPC Controller Reset
0.0 0.0 0.0
Time taken for MPC:  18.29587737899783
3.6286278388009737e-06 -0.0007690411117143953 3.733518874611232e-05
Time taken for MPC:  0.10686057800194249
7.249080364127621e-05 -0.0009726573064244336 -9.176389987009024e-05
Time taken for MPC:  0.08817985199857503
0.00031502020557315 0.0003470075436028029 -0.00023008799020087623
Time taken for MPC:  0.11061573500046507
0.0006700039635237947 0.002703232955151458 -0.0003935909382660477
Time taken for MPC:  0.07625972799723968
0.0011221432585991691 0.005095102559719795 -0.0005118436669952105
Time taken for MPC:  0.09733192699786741
0.001571955313922779 0.00693870145188961 -0.0007509660292331392
Time taken for MPC:  0.21079669000027934
0.0019748996594520516 0.00810344882646562 -0.0010652737581615145
Time taken for MPC:  0.11826968899913481
0.002036681797594444 0.008774064342059741 -0.0007193426132978876
Time taken for MPC:  0.08125378100157832
0.0037951674829853764 0.010955564239732386 0.00666737677481885
status    = 1
iter      = 300
res_stat  = 7.1311866424601444e+19
res_eq    = 2560.0
res_ineq  = 4.786813970845473e-16
res_comp  = 849.6737785925144
stat      =
 [[0.00000000e+00 0.00000000e+00 0.00000000e+00 ... 0.00000000e+00
  0.00000000e+00 0.00000000e+00]
 [2.81959725e-06 9.60040293e+00 8.84847406e-01 ... 0.00000000e+00
  0.00000000e+00 0.00000000e+00]
 [2.78444410e-06 9.08422036e+00 8.87021989e-01 ... 0.00000000e+00
  0.00000000e+00 0.00000000e+00]
 ...
 [6.74230360e-01 9.70963207e+01 2.30654580e-02 ... 0.00000000e+00
  0.00000000e+00 0.00000000e+00]
 [9.01610147e-01 1.58675234e+02 1.23898556e-03 ... 0.00000000e+00
  0.00000000e+00 0.00000000e+00]
 [0.00000000e+00 0.00000000e+00 0.00000000e+00 ... 0.00000000e+00
  0.00000000e+00 0.00000000e+00]]
